---
title: "MySQL"
date: 2022-05-06T10:26:00+08:00
draft: true
---
### 安装

#### YUM安装

[https://dev.mysql.com/downloads/repo/yum/](https://dev.mysql.com/downloads/repo/yum/)

```shell
# 添加yum仓库
rpm -ivh https://repo.mysql.com//mysql80-community-release-el7-6.noarch.rpm

# 安装mysql
yum install mysql-community-server

# 默认安装8.0版本，此处开启5.7版本
[root@localhost yum.repos.d]# cat mysql-community.repo 
# Enable to use MySQL 5.7
[mysql57-community]
name=MySQL 5.7 Community Server
baseurl=http://repo.mysql.com/yum/mysql-5.7-community/el/7/$basearch
enabled=1
gpgcheck=1
gpgkey=file:///etc/pki/rpm-gpg/RPM-GPG-KEY-mysql-2022
       file:///etc/pki/rpm-gpg/RPM-GPG-KEY-mysql

[mysql80-community]
name=MySQL 8.0 Community Server
baseurl=http://repo.mysql.com/yum/mysql-8.0-community/el/7/$basearch
enabled=0
gpgcheck=1
gpgkey=file:///etc/pki/rpm-gpg/RPM-GPG-KEY-mysql-2022
       file:///etc/pki/rpm-gpg/RPM-GPG-KEY-mysql
       
# 启动
systemctl start mysqld

# 首次启动会生成临时密码
[root@localhost ~]# cat /var/log/mysqld.log |grep password
2022-08-22T12:33:59.016946Z 1 [Note] A temporary password is generated for root@localhost: jkVb2X4qU;t%

# 修改密码
mysql> alter user 'root'@'localhost' identified by "Test@123";
Query OK, 0 rows affected (0.00 sec)

# 默认配置文件
/etc/my.cnf
```

#### 通用二进制包

[https://blog.csdn.net/qq_34303423/article/details/107249531](https://blog.csdn.net/qq_34303423/article/details/107249531)

#### 源码编译安装

[https://blog.csdn.net/qq_34303423/article/details/107284104](https://blog.csdn.net/qq_34303423/article/details/107284104)

### 存储引擎

- MyISAM：5.5版本之前的默认存储引擎
- InnoDB：5.5版本之后的默认存储引擎，支持事务和外键

```shell
# 查看默认存储引擎
mysql> show variables like 'default_storage_engine';

# 查看支持的存储引擎
mysql> show engines;
```

#### InnoDB

- .frm存储表结构
- .ibd存储数据和索引
- 如果是一个多分区表，则每个分区对应一个ibd文件

```shell
# 查看数据目录配置
[root@localhost test]# cat /etc/my.cnf
[mysqld]
datadir=/var/lib/mysql

# test为数据库名
# ai、bi为单文件表，emp为多分区表
[root@localhost test]# pwd
/var/lib/mysql/test
[root@localhost test]# ls
ai.frm  ai.ibd  bi.frm  bi.ibd  db.opt  emp.frm  emp#P#p0.ibd  emp#P#p1.ibd  emp#P#p2.ibd  emp#P#p3.ibd  emp#P#p4.ibd  emp#P#p5.ibd
```



### 用户管理

- 权限表：mysql.user、mysql.db
- 用户定义：User@Host

#### 创建账号并授权

```shell
mysql> grant all privileges on *.* to 'emp'@'%' identified by 'Test@123';
Query OK, 0 rows affected, 1 warning (0.00 sec)
```

#### 配置远程访问

```shell
mysql> select user,host from user;
+---------------+-----------+
| user          | host      |
+---------------+-----------+
| mysql.session | localhost |
| mysql.sys     | localhost |
| root          | localhost |
+---------------+-----------+
3 rows in set (0.00 sec)

mysql> update user set host='%' where user='root';
Query OK, 1 row affected (0.00 sec)
Rows matched: 1  Changed: 1  Warnings: 0

mysql> select user,host from user;
+---------------+-----------+
| user          | host      |
+---------------+-----------+
| root          | %         |
| mysql.session | localhost |
| mysql.sys     | localhost |
+---------------+-----------+
3 rows in set (0.00 sec)

mysql> flush privileges;
Query OK, 0 rows affected (0.00 sec)
```

#### 修改账号密码

```shell
[root@localhost ~]# mysqladmin -uroot -pTest@123 password 'Root@123';
mysqladmin: [Warning] Using a password on the command line interface can be insecure.
Warning: Since password will be sent to server in plain text, use ssl connection to ensure password safety.

mysql> alter user root@'%' identified by 'Test@123';
Query OK, 0 rows affected (0.00 sec)

mysql> set password for root@'%' = password('Root@123');
Query OK, 0 rows affected, 1 warning (0.00 sec)

mysql> update mysql.user set authentication_string = password('Test@123') where user='root';
Query OK, 1 row affected, 1 warning (0.00 sec)
Rows matched: 1  Changed: 1  Warnings: 1
```

#### 忘记密码

```shell
[root@localhost ~]# cat /etc/my.cnf
[mysqld]
skip-grant-tables
[root@localhost ~]# systemctl restart mysqld
[root@localhost ~]# mysql -uroot
Welcome to the MySQL monitor.  Commands end with ; or \g.
Your MySQL connection id is 2
Server version: 5.7.39 MySQL Community Server (GPL)

Copyright (c) 2000, 2022, Oracle and/or its affiliates.

Oracle is a registered trademark of Oracle Corporation and/or its
affiliates. Other names may be trademarks of their respective
owners.

Type 'help;' or '\h' for help. Type '\c' to clear the current input statement.

mysql> set password for root@'%' = password('Godman@123');
ERROR 1290 (HY000): The MySQL server is running with the --skip-grant-tables option so it cannot execute this statement
mysql> alter user root@'%' identified by 'Godman@123';
ERROR 1290 (HY000): The MySQL server is running with the --skip-grant-tables option so it cannot execute this statement
mysql> update mysql.user set authentication_string = password('Godman@123') where user='root';
Query OK, 1 row affected, 1 warning (0.00 sec)
Rows matched: 1  Changed: 1  Warnings: 1

mysql> flush privileges;
Query OK, 0 rows affected (0.00 sec)
```

### *索引

### 事务和锁

#### 事务的ACID属性

- 原子性：要么都执行，要么都不执行
- 一致性：在事务开始和完成时，数据都必须保持一致的状态
- 隔离性：事务之间互不影响（隔离级别）
- 持久性：对数据的修改是永久性的

#### 事务的隔离级别

[https://www.cnblogs.com/xialigang/p/16426621.html](https://www.cnblogs.com/xialigang/p/16426621.html)

- 读未提交：可以读取到另一个事务未提交的更改（脏读问题）
- 读已提交：可以读取到另一个事务已提交的更改（不可重复读问题）
- 可重复读（默认）：当自身提交后，才能读取到另一个事务已提交的更改（幻读问题）
- 串行：没有问题，但并发效率最低

#### 锁类型

- MyISAM、MEMORY采用表级锁
- BDB采用页级锁，也支持表级锁
- InnoDB采用行级锁，也支持表级锁

### 分区

#### 查看分区支持

```shell
mysql> show plugins;
+----------------------------+----------+--------------------+----------------------+---------+
| Name                       | Status   | Type               | Library              | License |
+----------------------------+----------+--------------------+----------------------+---------+
| partition                  | ACTIVE   | STORAGE ENGINE     | NULL                 | GPL     |
```

#### 分区类型

- RANGE分区
- LIST分区
- COLUMNS分区
- HASH分区
- KEY分区
- 子分区

### 其他

#### 数据库对象

- 视图
- 存储过程和函数
- 触发器

#### SQL Mode

```shell
# 查看默认值
mysql> select @@sql_mode;
```

